
> backend@1.0.0 test
> cross-env NODE_ENV=test node --experimental-vm-modules node_modules/jest/bin/jest.js --testTimeout=120000 tests/volunteer_lifecycle.test.js

  console.error
    Failed to send welcome OTP email: Error: connect ECONNREFUSED 127.0.0.1:587
        at TCPConnectWrap.afterConnect [as oncomplete] (node:net:1637:16) {
      errno: -4078,
      code: 'ESOCKET',
      syscall: 'connect',
      address: '127.0.0.1',
      port: 587,
      command: 'CONN'
    }

    [0m [90m  95 |[39m                 })[33m;[39m
     [90m  96 |[39m             } [36mcatch[39m (err) {
    [31m[1m>[22m[39m[90m  97 |[39m                 console[33m.[39merror([32m"Failed to send welcome OTP email:"[39m[33m,[39m err)[33m;[39m
     [90m     |[39m                         [31m[1m^[22m[39m
     [90m  98 |[39m                 [90m// We still proceed, user can request new OTP on login[39m
     [90m  99 |[39m             }
     [90m 100 |[39m[0m

      at signupUser (controllers/auth.controller.js:97:25)

  console.error
    Failed to send welcome OTP email: Error: connect ECONNREFUSED 127.0.0.1:587
        at TCPConnectWrap.afterConnect [as oncomplete] (node:net:1637:16) {
      errno: -4078,
      code: 'ESOCKET',
      syscall: 'connect',
      address: '127.0.0.1',
      port: 587,
      command: 'CONN'
    }

    [0m [90m  95 |[39m                 })[33m;[39m
     [90m  96 |[39m             } [36mcatch[39m (err) {
    [31m[1m>[22m[39m[90m  97 |[39m                 console[33m.[39merror([32m"Failed to send welcome OTP email:"[39m[33m,[39m err)[33m;[39m
     [90m     |[39m                         [31m[1m^[22m[39m
     [90m  98 |[39m                 [90m// We still proceed, user can request new OTP on login[39m
     [90m  99 |[39m             }
     [90m 100 |[39m[0m

      at signupUser (controllers/auth.controller.js:97:25)

  console.error
    Failed to send welcome OTP email: Error: connect ECONNREFUSED 127.0.0.1:587
        at TCPConnectWrap.afterConnect [as oncomplete] (node:net:1637:16) {
      errno: -4078,
      code: 'ESOCKET',
      syscall: 'connect',
      address: '127.0.0.1',
      port: 587,
      command: 'CONN'
    }

    [0m [90m  95 |[39m                 })[33m;[39m
     [90m  96 |[39m             } [36mcatch[39m (err) {
    [31m[1m>[22m[39m[90m  97 |[39m                 console[33m.[39merror([32m"Failed to send welcome OTP email:"[39m[33m,[39m err)[33m;[39m
     [90m     |[39m                         [31m[1m^[22m[39m
     [90m  98 |[39m                 [90m// We still proceed, user can request new OTP on login[39m
     [90m  99 |[39m             }
     [90m 100 |[39m[0m

      at signupUser (controllers/auth.controller.js:97:25)

  console.error
    Failed to send welcome OTP email: Error: connect ECONNREFUSED 127.0.0.1:587
        at TCPConnectWrap.afterConnect [as oncomplete] (node:net:1637:16) {
      errno: -4078,
      code: 'ESOCKET',
      syscall: 'connect',
      address: '127.0.0.1',
      port: 587,
      command: 'CONN'
    }

    [0m [90m  95 |[39m                 })[33m;[39m
     [90m  96 |[39m             } [36mcatch[39m (err) {
    [31m[1m>[22m[39m[90m  97 |[39m                 console[33m.[39merror([32m"Failed to send welcome OTP email:"[39m[33m,[39m err)[33m;[39m
     [90m     |[39m                         [31m[1m^[22m[39m
     [90m  98 |[39m                 [90m// We still proceed, user can request new OTP on login[39m
     [90m  99 |[39m             }
     [90m 100 |[39m[0m

      at signupUser (controllers/auth.controller.js:97:25)

  console.error
    Failed to send welcome OTP email: Error: connect ECONNREFUSED 127.0.0.1:587
        at TCPConnectWrap.afterConnect [as oncomplete] (node:net:1637:16) {
      errno: -4078,
      code: 'ESOCKET',
      syscall: 'connect',
      address: '127.0.0.1',
      port: 587,
      command: 'CONN'
    }

    [0m [90m  95 |[39m                 })[33m;[39m
     [90m  96 |[39m             } [36mcatch[39m (err) {
    [31m[1m>[22m[39m[90m  97 |[39m                 console[33m.[39merror([32m"Failed to send welcome OTP email:"[39m[33m,[39m err)[33m;[39m
     [90m     |[39m                         [31m[1m^[22m[39m
     [90m  98 |[39m                 [90m// We still proceed, user can request new OTP on login[39m
     [90m  99 |[39m             }
     [90m 100 |[39m[0m

      at signupUser (controllers/auth.controller.js:97:25)

