node : (node:15036) 
ExperimentalWarning: VM Modules is 
an experimental feature and might 
change at any time
At line:1 char:1
+ node --experimental-vm-modules 
node_modules/jest/bin/jest.js 
tests/ma ...
+ ~~~~~~~~~~~~~~~~~~~~~~~~~~~~~~~~~~~
~~~~~~~~~~~~~~~~~~~~~~~~~~~~~~~~~~
    + CategoryInfo          : NotSpe 
   cified: ((node:15036) Ex...nge a  
  t any time:String) [], RemoteExc   
 eption
    + FullyQualifiedErrorId : Native 
   CommandError
 
(Use `node --trace-warnings ...` to 
show where the warning was created)
FAIL tests/matching.test.js (5.143 s)
  Intelligent Dispatch - Matching 
Algorithm Tests
    ├ù should rank the closest and 
most capable volunteer at #1 (2 ms)
    ├ù should return an empty list 
if no volunteers are online

  ΓùÅ Intelligent Dispatch - 
Matching Algorithm Tests ΓÇ║ should 
rank the closest and most capable 
volunteer at #1

    Cannot find module 
'express-rate-limit' from 
'middleware/rateLimiter.js'

      at 
Resolver._throwModNotFoundError (node
_modules/jest-resolve/build/index.js:
863:11)

  ΓùÅ Intelligent Dispatch - 
Matching Algorithm Tests ΓÇ║ should 
return an empty list if no 
volunteers are online

    Cannot find module 
'express-rate-limit' from 
'middleware/rateLimiter.js'

      at 
Resolver._throwModNotFoundError (node
_modules/jest-resolve/build/index.js:
863:11)

Test Suites: 1 failed, 1 total
Tests:       2 failed, 2 total
Snapshots:   0 total
Time:        5.431 s, estimated 6 s
Ran all test suites matching 
tests/matching.test.js.
